// Jest Snapshot v1, https://goo.gl/fbAQLP

exports[`views.About snapshot snapshot测试 1`] = `
<div
  class="about"
>
  <h1>
    This is an about page
  </h1>
</div>
`;
